{
  "type": "Documentation",
  "body": [
    {
      "type": "CommentBlock",
      "description": "description text",
      "trailingCode": "",
      "tags": []
    },
    {
      "type": "CommentBlock",
      "description": "description\n",
      "trailingCode": "",
      "tags": [
        {
          "type": "CommentBlockTag",
          "tag": "module",
          "kind": "Type.<Type,Type(Type,Type.<Type>)>",
          "name": "[name={}]",
          "description": "description text\n"
        },
        {
          "type": "CommentBlockTag",
          "tag": "module",
          "kind": "Type",
          "name": "name",
          "description": "description text\n"
        },
        {
          "type": "CommentBlockTag",
          "tag": "module",
          "name": "[name]",
          "description": "description text\n"
        },
        {
          "type": "CommentBlockTag",
          "tag": "module",
          "name": "name",
          "description": "description text\n"
        },
        {
          "type": "CommentBlockTag",
          "tag": "module",
          "name": "name"
        }
      ]
    },
    {
      "type": "CommentBlock",
      "description": "",
      "trailingCode": "",
      "tags": [
        {
          "type": "CommentBlockTag",
          "tag": "extends",
          "kind": "Type.<Type,Type(Type,Type.<Type>)>",
          "name": "[name={}]",
          "description": "description text"
        }
      ]
    },
    {
      "type": "CommentBlock",
      "description": "",
      "trailingCode": "",
      "tags": [
        {
          "type": "CommentBlockTag",
          "tag": "extends",
          "kind": "Type",
          "name": "name",
          "description": "description text"
        }
      ]
    },
    {
      "type": "CommentBlock",
      "description": "",
      "trailingCode": "",
      "tags": [
        {
          "type": "CommentBlockTag",
          "tag": "extends",
          "name": "[name]",
          "description": "description text"
        }
      ]
    },
    {
      "type": "CommentBlock",
      "description": "",
      "trailingCode": "",
      "tags": [
        {
          "type": "CommentBlockTag",
          "tag": "extends",
          "name": "name",
          "description": "description text"
        }
      ]
    },
    {
      "type": "CommentBlock",
      "description": "",
      "trailingCode": "",
      "tags": [
        {
          "type": "CommentBlockTag",
          "tag": "extends",
          "name": "name"
        }
      ]
    },
    {
      "type": "CommentBlock",
      "description": "",
      "trailingCode": "",
      "tags": [
        {
          "type": "CommentBlockTag",
          "tag": "tag",
          "kind": "Type.<Type,Type(Type,Type.<Type>)>",
          "description": "description text"
        }
      ]
    },
    {
      "type": "CommentBlock",
      "description": "",
      "trailingCode": "",
      "tags": [
        {
          "type": "CommentBlockTag",
          "tag": "tag",
          "kind": "Type",
          "description": "description text"
        }
      ]
    },
    {
      "type": "CommentBlock",
      "description": "",
      "trailingCode": "",
      "tags": [
        {
          "type": "CommentBlockTag",
          "tag": "tag",
          "description": "description text"
        }
      ]
    },
    {
      "type": "CommentBlock",
      "description": "",
      "trailingCode": "",
      "tags": [
        {
          "type": "CommentBlockTag",
          "tag": "tag",
          "description": "description text"
        }
      ]
    },
    {
      "type": "CommentBlock",
      "description": "",
      "trailingCode": "/*! ignore */\n/*!\n * ignore\n */\n\n/* ignore */\n/*\n * ignore\n */",
      "tags": [
        {
          "type": "CommentBlockTag",
          "tag": "tag"
        }
      ]
    }
  ]
}
